bvcoew@bvcoew-OptiPlex-3000:~$ sudo mysql
[sudo] password for bvcoew: 
Welcome to the MySQL monitor.  Commands end with ; or \g.
Your MySQL connection id is 8
Server version: 8.0.42-0ubuntu0.20.04.1 (Ubuntu)

Copyright (c) 2000, 2025, Oracle and/or its affiliates.

Oracle is a registered trademark of Oracle Corporation and/or its
affiliates. Other names may be trademarks of their respective
owners.

Type 'help;' or '\h' for help. Type '\c' to clear the current input statement.

mysql> create user 'dbmsuser'@'localhost'
    -> identified by 'Dbms@2027';
Query OK, 0 rows affected (0.02 sec)

mysql> grant all privileges on testdb.* to 'dbmsuser'
    -> @'localhost';
Query OK, 0 rows affected (0.01 sec)

mysql> create database testdb;
Query OK, 1 row affected (0.00 sec)

mysql> select User,Host from mysql.user;
+------------------+-----------+
| User             | Host      |
+------------------+-----------+
| Sai              | %         |
| TEComp           | %         |
| TEcomp           | %         |
| Tecomp           | %         |
| tecomp5          | locahost  |
| dbmsuser         | localhost |
| debian-sys-maint | localhost |
| mysql.infoschema | localhost |
| mysql.session    | localhost |
| mysql.sys        | localhost |
| root             | localhost |
| tecomp           | localhost |
| tecomp5          | localhost |
+------------------+-----------+
13 rows in set (0.00 sec)

mysql> exit
Bye
bvcoew@bvcoew-OptiPlex-3000:~$ mysql -u dbmsuser -p 
Enter password: 
Welcome to the MySQL monitor.  Commands end with ; or \g.
Your MySQL connection id is 9
Server version: 8.0.42-0ubuntu0.20.04.1 (Ubuntu)

Copyright (c) 2000, 2025, Oracle and/or its affiliates.

Oracle is a registered trademark of Oracle Corporation and/or its
affiliates. Other names may be trademarks of their respective
owners.

Type 'help;' or '\h' for help. Type '\c' to clear the current input statement.

mysql> show database
    -> ;
ERROR 1064 (42000): You have an error in your SQL syntax; check the manual that corresponds to your MySQL server version for the right syntax to use near 'database' at line 1
mysql> show databases;
+--------------------+
| Database           |
+--------------------+
| information_schema |
| performance_schema |
| testdb             |
+--------------------+
3 rows in set (0.01 sec)

mysql> CREATE TABLE employees (
    ->     id INT PRIMARY KEY AUTO_INCREMENT,
    ->     name VARCHAR(100),
    ->     email VARCHAR(100)
    -> );
ERROR 1046 (3D000): No database selected
mysql> use testdb
Database changed
mysql> CREATE TABLE employees (     id INT PRIMARY KEY AUTO_INCREMENT,     name VARCHAR(100),     email VARCHAR(100) );
Query OK, 0 rows affected (0.01 sec)

mysql> show tables
    -> ;
+------------------+
| Tables_in_testdb |
+------------------+
| employees        |
+------------------+
1 row in set (0.01 sec)

JAVA ECLIPSE PROGRAM

import java.sql.*;
import java.util.Scanner;

public class mysqlj {
    static final String DB_URL = "jdbc:mysql://localhost:3306/testdb";
    static final String USER = "dbmsuser";
    static final String PASS = "Dbms@2027";

    public static void main(String[] args) {
        Scanner sc = new Scanner(System.in);
        Connection conn = null;

        try {
            Class.forName("com.mysql.jdbc.Driver");
            conn = DriverManager.getConnection(DB_URL, USER, PASS);
            System.out.println("Connection successful!");

            boolean exit = false;

            while (!exit) {
                System.out.println("\nMenu:");
                System.out.println("1. Add Employee");
                System.out.println("2. View Employees");
                System.out.println("3. Edit Employee");
                System.out.println("4. Delete Employee");
                System.out.println("5. Exit");
                System.out.print("Enter your choice: ");

                int choice = sc.nextInt();
                sc.nextLine();  // consume newline

                switch (choice) {
                    case 1:
                        addEmployee(conn, sc);
                        break;
                    case 2:
                        viewEmployees(conn);
                        break;
                    case 3:
                        editEmployee(conn, sc);
                        break;
                    case 4:
                        deleteEmployee(conn, sc);
                        break;
                    case 5:
                        exit = true;
                        System.out.println("Exiting program.");
                        break;
                    default:
                        System.out.println("Invalid choice! Try again.");
                }
            }

        } catch (Exception e) {
            System.out.println("Error: " + e.getMessage());
        } finally {
            try {
                if (conn != null) conn.close();
                sc.close();
            } catch (SQLException se) {
                se.printStackTrace();
            }
        }
    }

    static void addEmployee(Connection conn, Scanner sc) throws SQLException {
        System.out.print("Enter employee name: ");
        String name = sc.nextLine();

        System.out.print("Enter employee email: ");
        String email = sc.nextLine();

        String sql = "INSERT INTO employees (name, email) VALUES (?, ?)";
        PreparedStatement pstmt = conn.prepareStatement(sql);
        pstmt.setString(1, name);
        pstmt.setString(2, email);

        int rows = pstmt.executeUpdate();
        if (rows > 0) System.out.println("Employee added successfully!");
        else System.out.println("Failed to add employee.");
    }

    static void viewEmployees(Connection conn) throws SQLException {
        String sql = "SELECT * FROM employees";
        Statement stmt = conn.createStatement();
        ResultSet rs = stmt.executeQuery(sql);

        System.out.println("\nEmployees:");
        System.out.println("ID\tName\tEmail");
        while (rs.next()) {
            System.out.println(rs.getInt("id") + "\t" + rs.getString("name") + "\t" + rs.getString("email"));
        }
    }

    static void editEmployee(Connection conn, Scanner sc) throws SQLException {
        System.out.print("Enter employee ID to edit: ");
        int id = sc.nextInt();
        sc.nextLine(); // consume newline

        System.out.print("Enter new name: ");
        String name = sc.nextLine();

        System.out.print("Enter new email: ");
        String email = sc.nextLine();

        String sql = "UPDATE employees SET name = ?, email = ? WHERE id = ?";
        PreparedStatement pstmt = conn.prepareStatement(sql);
        pstmt.setString(1, name);
        pstmt.setString(2, email);
        pstmt.setInt(3, id);

        int rows = pstmt.executeUpdate();
        if (rows > 0) System.out.println("Employee updated successfully!");
        else System.out.println("Employee not found.");
    }

    static void deleteEmployee(Connection conn, Scanner sc) throws SQLException {
        System.out.print("Enter employee ID to delete: ");
        int id = sc.nextInt();
        sc.nextLine(); // consume newline

        String sql = "DELETE FROM employees WHERE id = ?";
        PreparedStatement pstmt = conn.prepareStatement(sql);
        pstmt.setInt(1, id);

        int rows = pstmt.executeUpdate();
        if (rows > 0) System.out.println("Employee deleted successfully!");
        else System.out.println("Employee not found.");
    }
}

OUTPUT
Loading class `com.mysql.jdbc.Driver'. This is deprecated. The new driver class is `com.mysql.cj.jdbc.Driver'. The driver is automatically registered via the SPI and manual loading of the driver class is generally unnecessary.
Connection successful!

Menu:
1. Add Employee
2. View Employees
3. Edit Employee
4. Delete Employee
5. Exit
Enter your choice: 1
Enter employee name: mihika
Enter employee email: mihika@gmail.com
Employee added successfully!

Menu:
1. Add Employee
2. View Employees
3. Edit Employee
4. Delete Employee
5. Exit
Enter your choice: 1
Enter employee name: aditi 
Enter employee email: aditi@gmail.co
Employee added successfully!

Menu:
1. Add Employee
2. View Employees
3. Edit Employee
4. Delete Employee
5. Exit
Enter your choice: 2

Employees:
ID	Name	Email
1	Sejal	Sejal@gmail.com
2	Shrad	shrad@gmail.com
3	Raj	raj@gmail.com
4	Ram	siyaram@gmail.com
6	mihika	mihika@gmail.com
7	aditi 	aditi@gmail.co

Menu:
1. Add Employee
2. View Employees
3. Edit Employee
4. Delete Employee
5. Exit
Enter your choice: 3
Enter employee ID to edit: 7
Enter new name: aditi
Enter new email: aditi@gmail.com
Employee updated successfully!

Menu:
1. Add Employee
2. View Employees
3. Edit Employee
4. Delete Employee
5. Exit
Enter your choice: 4
Enter employee ID to delete: 3
Employee deleted successfully!

Menu:
1. Add Employee
2. View Employees
3. Edit Employee
4. Delete Employee
5. Exit
Enter your choice: 5
Exiting program.
