[sudo] password for bvcoew: 
MongoDB shell version v3.6.8
connecting to: mongodb://127.0.0.1:27017
Implicit session: session { "id" : UUID("dfd023b4-0346-45d0-bf77-85934fdc9e23") }
MongoDB server version: 3.6.8
Server has startup warnings: 
2025-09-19T11:52:30.683+0530 I STORAGE  [initandlisten] 
2025-09-19T11:52:30.683+0530 I STORAGE  [initandlisten] ** WARNING: Using the XFS filesystem is strongly recommended with the WiredTiger storage engine
2025-09-19T11:52:30.683+0530 I STORAGE  [initandlisten] **          See http://dochub.mongodb.org/core/prodnotes-filesystem
2025-09-19T11:52:31.092+0530 I CONTROL  [initandlisten] 
2025-09-19T11:52:31.092+0530 I CONTROL  [initandlisten] ** WARNING: Access control is not enabled for the database.
2025-09-19T11:52:31.092+0530 I CONTROL  [initandlisten] **          Read and write access to data and configuration is unrestricted.
2025-09-19T11:52:31.092+0530 I CONTROL  [initandlisten] 
> show database
2025-09-19T12:01:38.087+0530 E QUERY    [thread1] Error: don't know how to show [database] :
shellHelper.show@src/mongo/shell/utils.js:997:11
shellHelper@src/mongo/shell/utils.js:750:15
@(shellhelp2):1:1
> show databases;
EDB           0.000GB
MuicLib       0.000GB
Tcsin         0.000GB
admin         0.000GB
company       0.000GB
config        0.000GB
local         0.000GB
natural       0.000GB
natural1      0.000GB
shoppe        0.000GB
student       0.000GB
student_info  0.000GB
studentinfo   0.000GB
tbc           0.000GB
> use company;
switched to db company
> db.Employeeinfo.insertMany([
...   { _id: 1, name: "Sam", city: "Pune", state: "Maharashtra", address: "FC Road" },
...   { _id: 2, name: "John", city: "Mumbai", state: "Maharashtra", address: "Bandra" },
...   { _id: 3, name: "Sara", city: "Pune", state: "Maharashtra", address: "Kothrud" },
...   { _id: 4, name: "Steve", city: "Delhi", state: "Delhi", address: "Karol Bagh" },
...   { _id: 5, name: "Rita", city: "Chennai", state: "Tamil Nadu", address: "T Nagar" },
...   { _id: 6, name: "Sohan", city: "Pune", state: "Maharashtra", address: "Shivajinagar" }
... ])
{ "acknowledged" : true, "insertedIds" : [ 1, 2, 3, 4, 5, 6 ] }
> db.Employeeinfo.find();
{ "_id" : 1, "name" : "Sam", "city" : "Pune", "state" : "Maharashtra", "address" : "FC Road" }
{ "_id" : 2, "name" : "John", "city" : "Mumbai", "state" : "Maharashtra", "address" : "Bandra" }
{ "_id" : 3, "name" : "Sara", "city" : "Pune", "state" : "Maharashtra", "address" : "Kothrud" }
{ "_id" : 4, "name" : "Steve", "city" : "Delhi", "state" : "Delhi", "address" : "Karol Bagh" }
{ "_id" : 5, "name" : "Rita", "city" : "Chennai", "state" : "Tamil Nadu", "address" : "T Nagar" }
{ "_id" : 6, "name" : "Sohan", "city" : "Pune", "state" : "Maharashtra", "address" : "Shivajinagar" }
> db.Employeeinfo.find({city:"Pune"});
{ "_id" : 1, "name" : "Sam", "city" : "Pune", "state" : "Maharashtra", "address" : "FC Road" }
{ "_id" : 3, "name" : "Sara", "city" : "Pune", "state" : "Maharashtra", "address" : "Kothrud" }
{ "_id" : 6, "name" : "Sohan", "city" : "Pune", "state" : "Maharashtra", "address" : "Shivajinagar" }
> db.Employeeinfo.updateOne(
... {id:1},
... {$set:{address:"jm road ,pune"}}
... );
{ "acknowledged" : true, "matchedCount" : 0, "modifiedCount" : 0 }
> db.find({id:1});
2025-09-19T12:16:42.232+0530 E QUERY    [thread1] TypeError: db.find is not a function :
@(shell):1:1
> db.find({_id:1});
2025-09-19T12:17:14.987+0530 E QUERY    [thread1] TypeError: db.find is not a function :
@(shell):1:1
> db.Employeeinfo.find({id:1});
> db.Employeeinfo.find({id:1});
> db.Employeeinfo.find({_id:1});
{ "_id" : 1, "name" : "Sam", "city" : "Pune", "state" : "Maharashtra", "address" : "FC Road" }
> db.Employeeinfo.updateOne( {_id:1}, {$set:{address:"jm road ,pune"}} );
{ "acknowledged" : true, "matchedCount" : 1, "modifiedCount" : 1 }
> db.Employeeinfo.find({_id:1});
{ "_id" : 1, "name" : "Sam", "city" : "Pune", "state" : "Maharashtra", "address" : "jm road ,pune" }
> db.Employeeinfo.updateOne(
... {_id:1},
... {$set:{telephone:["1234567890","9907774523"]}}
... );
{ "acknowledged" : true, "matchedCount" : 1, "modifiedCount" : 1 }
> db.Employeeinfo.find({_id:1});
{ "_id" : 1, "name" : "Sam", "city" : "Pune", "state" : "Maharashtra", "address" : "jm road ,pune", "telephone" : [ "1234567890", "9907774523" ] }
> db.Employeeinfo.find({name:{$regex:"^S",$options:"i"});
... ^C

> db.Employeeinfo.find({name:{$regex:"^S",$options:"i"}});
{ "_id" : 1, "name" : "Sam", "city" : "Pune", "state" : "Maharashtra", "address" : "jm road ,pune", "telephone" : [ "1234567890", "9907774523" ] }
{ "_id" : 3, "name" : "Sara", "city" : "Pune", "state" : "Maharashtra", "address" : "Kothrud" }
{ "_id" : 4, "name" : "Steve", "city" : "Delhi", "state" : "Delhi", "address" : "Karol Bagh" }
{ "_id" : 6, "name" : "Sohan", "city" : "Pune", "state" : "Maharashtra", "address" : "Shivajinagar" }
> db.Employeeinfo.updateOne( {_id:5}, {$set:{name:"Ritika"} );
... ^C

> db.Employeeinfo.updateOne( {_id:5}, {$set:{name:"Ritika"} );
... ^C

> db.Employeeinfo.updateOne( {_id:5}, {$set:{name:"Ritika"}} );
{ "acknowledged" : true, "matchedCount" : 1, "modifiedCount" : 1 }
> db.Employeeinfo.find({_id:5});
{ "_id" : 5, "name" : "Ritika", "city" : "Chennai", "state" : "Tamil Nadu", "address" : "T Nagar" }
> db.Employeeinfo.remove({name:"John"});
WriteResult({ "nRemoved" : 1 })
> db.Employee.find();
> db.Employeeinfo.find();
{ "_id" : 1, "name" : "Sam", "city" : "Pune", "state" : "Maharashtra", "address" : "jm road ,pune", "telephone" : [ "1234567890", "9907774523" ] }
{ "_id" : 3, "name" : "Sara", "city" : "Pune", "state" : "Maharashtra", "address" : "Kothrud" }
{ "_id" : 4, "name" : "Steve", "city" : "Delhi", "state" : "Delhi", "address" : "Karol Bagh" }
{ "_id" : 5, "name" : "Ritika", "city" : "Chennai", "state" : "Tamil Nadu", "address" : "T Nagar" }
{ "_id" : 6, "name" : "Sohan", "city" : "Pune", "state" : "Maharashtra", "address" : "Shivajinagar" }
> db.Employeeinfo.deleteOne({_id:3});
{ "acknowledged" : true, "deletedCount" : 1 }
> db.Employeeinfo.find();
{ "_id" : 1, "name" : "Sam", "city" : "Pune", "state" : "Maharashtra", "address" : "jm road ,pune", "telephone" : [ "1234567890", "9907774523" ] }
{ "_id" : 4, "name" : "Steve", "city" : "Delhi", "state" : "Delhi", "address" : "Karol Bagh" }
{ "_id" : 5, "name" : "Ritika", "city" : "Chennai", "state" : "Tamil Nadu", "address" : "T Nagar" }
{ "_id" : 6, "name" : "Sohan", "city" : "Pune", "state" : "Maharashtra", "address" : "Shivajinagar" }
> db.Employeeinfo.mapReduce(
... function(){
... if(this.state){emit(this.state,1);}
... },
... function(key,values){
... return Array.sum(values);
... },
... {out:"EmployeeCountbystate"}
... )
{
	"result" : "EmployeeCountbystate",
	"timeMillis" : 46,
	"counts" : {
		"input" : 4,
		"emit" : 4,
		"reduce" : 1,
		"output" : 3
	},
	"ok" : 1
}
> db.EmployeeCountbystate.find();
{ "_id" : "Delhi", "value" : 1 }
{ "_id" : "Maharashtra", "value" : 2 }
{ "_id" : "Tamil Nadu", "value" : 1 }
> ^C
bye
bvcoew
